// Jest Snapshot v1, https://goo.gl/fbAQLP

exports[`the component mounts with defaults 1`] = `
ShallowWrapper {
  "length": 1,
  Symbol(enzyme.__root__): [Circular],
  Symbol(enzyme.__unrendered__): <Navigation
    location={
      Object {
        "pathname": "/",
      }
    }
  />,
  Symbol(enzyme.__renderer__): Object {
    "batchedUpdates": [Function],
    "getNode": [Function],
    "render": [Function],
    "simulateEvent": [Function],
    "unmount": [Function],
  },
  Symbol(enzyme.__node__): Object {
    "instance": null,
    "key": undefined,
    "nodeType": "host",
    "props": Object {
      "children": Array [
        <NavigationToggle
          onClickCallback={[Function]}
          toggledOn={false}
        />,
        <nav
          className="navbar"
        >
          <ul
            className="links"
            data-test="nav-links"
          >
            <NavigationLink
              changeOverlayColor={[Function]}
              onClickCallback={[Function]}
              overlayColor="#a9b7b4"
              path="/"
              text="Lookbook"
            />
            <NavigationLink
              changeOverlayColor={[Function]}
              onClickCallback={[Function]}
              overlayColor="#ec6761"
              path="/shop"
              text="Shop"
            />
            <NavigationLink
              changeOverlayColor={[Function]}
              onClickCallback={[Function]}
              overlayColor="#f7bfb1"
              path="/contact"
              text="Contact"
            />
            <NavigationLink
              changeOverlayColor={[Function]}
              onClickCallback={[Function]}
              overlayColor="#f9ca5c"
              path="/about"
              text="About"
            />
          </ul>
          <SocialMedis />
        </nav>,
        <div
          className="overlay"
          data-test="overlay"
          style={
            Object {
              "backgroundColor": "#a9b7b4",
            }
          }
        />,
      ],
      "className": "Navigation",
      "data-test": "navigation",
    },
    "ref": null,
    "rendered": Array [
      Object {
        "instance": null,
        "key": undefined,
        "nodeType": "class",
        "props": Object {
          "onClickCallback": [Function],
          "toggledOn": false,
        },
        "ref": null,
        "rendered": null,
        "type": [Function],
      },
      Object {
        "instance": null,
        "key": undefined,
        "nodeType": "host",
        "props": Object {
          "children": Array [
            <ul
              className="links"
              data-test="nav-links"
            >
              <NavigationLink
                changeOverlayColor={[Function]}
                onClickCallback={[Function]}
                overlayColor="#a9b7b4"
                path="/"
                text="Lookbook"
              />
              <NavigationLink
                changeOverlayColor={[Function]}
                onClickCallback={[Function]}
                overlayColor="#ec6761"
                path="/shop"
                text="Shop"
              />
              <NavigationLink
                changeOverlayColor={[Function]}
                onClickCallback={[Function]}
                overlayColor="#f7bfb1"
                path="/contact"
                text="Contact"
              />
              <NavigationLink
                changeOverlayColor={[Function]}
                onClickCallback={[Function]}
                overlayColor="#f9ca5c"
                path="/about"
                text="About"
              />
            </ul>,
            <SocialMedis />,
          ],
          "className": "navbar",
        },
        "ref": null,
        "rendered": Array [
          Object {
            "instance": null,
            "key": undefined,
            "nodeType": "host",
            "props": Object {
              "children": Array [
                <NavigationLink
                  changeOverlayColor={[Function]}
                  onClickCallback={[Function]}
                  overlayColor="#a9b7b4"
                  path="/"
                  text="Lookbook"
                />,
                <NavigationLink
                  changeOverlayColor={[Function]}
                  onClickCallback={[Function]}
                  overlayColor="#ec6761"
                  path="/shop"
                  text="Shop"
                />,
                <NavigationLink
                  changeOverlayColor={[Function]}
                  onClickCallback={[Function]}
                  overlayColor="#f7bfb1"
                  path="/contact"
                  text="Contact"
                />,
                <NavigationLink
                  changeOverlayColor={[Function]}
                  onClickCallback={[Function]}
                  overlayColor="#f9ca5c"
                  path="/about"
                  text="About"
                />,
              ],
              "className": "links",
              "data-test": "nav-links",
            },
            "ref": null,
            "rendered": Array [
              Object {
                "instance": null,
                "key": "/",
                "nodeType": "class",
                "props": Object {
                  "changeOverlayColor": [Function],
                  "onClickCallback": [Function],
                  "overlayColor": "#a9b7b4",
                  "path": "/",
                  "text": "Lookbook",
                },
                "ref": null,
                "rendered": null,
                "type": [Function],
              },
              Object {
                "instance": null,
                "key": "/shop",
                "nodeType": "class",
                "props": Object {
                  "changeOverlayColor": [Function],
                  "onClickCallback": [Function],
                  "overlayColor": "#ec6761",
                  "path": "/shop",
                  "text": "Shop",
                },
                "ref": null,
                "rendered": null,
                "type": [Function],
              },
              Object {
                "instance": null,
                "key": "/contact",
                "nodeType": "class",
                "props": Object {
                  "changeOverlayColor": [Function],
                  "onClickCallback": [Function],
                  "overlayColor": "#f7bfb1",
                  "path": "/contact",
                  "text": "Contact",
                },
                "ref": null,
                "rendered": null,
                "type": [Function],
              },
              Object {
                "instance": null,
                "key": "/about",
                "nodeType": "class",
                "props": Object {
                  "changeOverlayColor": [Function],
                  "onClickCallback": [Function],
                  "overlayColor": "#f9ca5c",
                  "path": "/about",
                  "text": "About",
                },
                "ref": null,
                "rendered": null,
                "type": [Function],
              },
            ],
            "type": "ul",
          },
          Object {
            "instance": null,
            "key": undefined,
            "nodeType": "function",
            "props": Object {},
            "ref": null,
            "rendered": null,
            "type": [Function],
          },
        ],
        "type": "nav",
      },
      Object {
        "instance": null,
        "key": undefined,
        "nodeType": "host",
        "props": Object {
          "className": "overlay",
          "data-test": "overlay",
          "style": Object {
            "backgroundColor": "#a9b7b4",
          },
        },
        "ref": null,
        "rendered": null,
        "type": "div",
      },
    ],
    "type": "div",
  },
  Symbol(enzyme.__nodes__): Array [
    Object {
      "instance": null,
      "key": undefined,
      "nodeType": "host",
      "props": Object {
        "children": Array [
          <NavigationToggle
            onClickCallback={[Function]}
            toggledOn={false}
          />,
          <nav
            className="navbar"
          >
            <ul
              className="links"
              data-test="nav-links"
            >
              <NavigationLink
                changeOverlayColor={[Function]}
                onClickCallback={[Function]}
                overlayColor="#a9b7b4"
                path="/"
                text="Lookbook"
              />
              <NavigationLink
                changeOverlayColor={[Function]}
                onClickCallback={[Function]}
                overlayColor="#ec6761"
                path="/shop"
                text="Shop"
              />
              <NavigationLink
                changeOverlayColor={[Function]}
                onClickCallback={[Function]}
                overlayColor="#f7bfb1"
                path="/contact"
                text="Contact"
              />
              <NavigationLink
                changeOverlayColor={[Function]}
                onClickCallback={[Function]}
                overlayColor="#f9ca5c"
                path="/about"
                text="About"
              />
            </ul>
            <SocialMedis />
          </nav>,
          <div
            className="overlay"
            data-test="overlay"
            style={
              Object {
                "backgroundColor": "#a9b7b4",
              }
            }
          />,
        ],
        "className": "Navigation",
        "data-test": "navigation",
      },
      "ref": null,
      "rendered": Array [
        Object {
          "instance": null,
          "key": undefined,
          "nodeType": "class",
          "props": Object {
            "onClickCallback": [Function],
            "toggledOn": false,
          },
          "ref": null,
          "rendered": null,
          "type": [Function],
        },
        Object {
          "instance": null,
          "key": undefined,
          "nodeType": "host",
          "props": Object {
            "children": Array [
              <ul
                className="links"
                data-test="nav-links"
              >
                <NavigationLink
                  changeOverlayColor={[Function]}
                  onClickCallback={[Function]}
                  overlayColor="#a9b7b4"
                  path="/"
                  text="Lookbook"
                />
                <NavigationLink
                  changeOverlayColor={[Function]}
                  onClickCallback={[Function]}
                  overlayColor="#ec6761"
                  path="/shop"
                  text="Shop"
                />
                <NavigationLink
                  changeOverlayColor={[Function]}
                  onClickCallback={[Function]}
                  overlayColor="#f7bfb1"
                  path="/contact"
                  text="Contact"
                />
                <NavigationLink
                  changeOverlayColor={[Function]}
                  onClickCallback={[Function]}
                  overlayColor="#f9ca5c"
                  path="/about"
                  text="About"
                />
              </ul>,
              <SocialMedis />,
            ],
            "className": "navbar",
          },
          "ref": null,
          "rendered": Array [
            Object {
              "instance": null,
              "key": undefined,
              "nodeType": "host",
              "props": Object {
                "children": Array [
                  <NavigationLink
                    changeOverlayColor={[Function]}
                    onClickCallback={[Function]}
                    overlayColor="#a9b7b4"
                    path="/"
                    text="Lookbook"
                  />,
                  <NavigationLink
                    changeOverlayColor={[Function]}
                    onClickCallback={[Function]}
                    overlayColor="#ec6761"
                    path="/shop"
                    text="Shop"
                  />,
                  <NavigationLink
                    changeOverlayColor={[Function]}
                    onClickCallback={[Function]}
                    overlayColor="#f7bfb1"
                    path="/contact"
                    text="Contact"
                  />,
                  <NavigationLink
                    changeOverlayColor={[Function]}
                    onClickCallback={[Function]}
                    overlayColor="#f9ca5c"
                    path="/about"
                    text="About"
                  />,
                ],
                "className": "links",
                "data-test": "nav-links",
              },
              "ref": null,
              "rendered": Array [
                Object {
                  "instance": null,
                  "key": "/",
                  "nodeType": "class",
                  "props": Object {
                    "changeOverlayColor": [Function],
                    "onClickCallback": [Function],
                    "overlayColor": "#a9b7b4",
                    "path": "/",
                    "text": "Lookbook",
                  },
                  "ref": null,
                  "rendered": null,
                  "type": [Function],
                },
                Object {
                  "instance": null,
                  "key": "/shop",
                  "nodeType": "class",
                  "props": Object {
                    "changeOverlayColor": [Function],
                    "onClickCallback": [Function],
                    "overlayColor": "#ec6761",
                    "path": "/shop",
                    "text": "Shop",
                  },
                  "ref": null,
                  "rendered": null,
                  "type": [Function],
                },
                Object {
                  "instance": null,
                  "key": "/contact",
                  "nodeType": "class",
                  "props": Object {
                    "changeOverlayColor": [Function],
                    "onClickCallback": [Function],
                    "overlayColor": "#f7bfb1",
                    "path": "/contact",
                    "text": "Contact",
                  },
                  "ref": null,
                  "rendered": null,
                  "type": [Function],
                },
                Object {
                  "instance": null,
                  "key": "/about",
                  "nodeType": "class",
                  "props": Object {
                    "changeOverlayColor": [Function],
                    "onClickCallback": [Function],
                    "overlayColor": "#f9ca5c",
                    "path": "/about",
                    "text": "About",
                  },
                  "ref": null,
                  "rendered": null,
                  "type": [Function],
                },
              ],
              "type": "ul",
            },
            Object {
              "instance": null,
              "key": undefined,
              "nodeType": "function",
              "props": Object {},
              "ref": null,
              "rendered": null,
              "type": [Function],
            },
          ],
          "type": "nav",
        },
        Object {
          "instance": null,
          "key": undefined,
          "nodeType": "host",
          "props": Object {
            "className": "overlay",
            "data-test": "overlay",
            "style": Object {
              "backgroundColor": "#a9b7b4",
            },
          },
          "ref": null,
          "rendered": null,
          "type": "div",
        },
      ],
      "type": "div",
    },
  ],
  Symbol(enzyme.__options__): Object {
    "adapter": ReactSixteenAdapter {
      "options": Object {
        "enableComponentDidUpdateOnSetState": true,
      },
    },
  },
}
`;
